<ViewCodeChallenge_RealEstate.PropertyTableViewCell; baseClass = UITableViewCell; frame = (0 0; 320 44); layer = <CALayer>>
   | <UITableViewCellContentView; frame = (0 0; 320 44); gestureRecognizers = <NSArray>; layer = <CALayer>>
   |    | <UIStackView; frame = (0 0; 320 44); layer = <CALayer>>
   |    |    | <ViewCodeChallenge_RealEstate.CarouselView; frame = (0 0; 320 0); layer = <CALayer>>
   |    |    |    | <UICollectionView; frame = (0 0; 320 160); clipsToBounds = YES; gestureRecognizers = <NSArray>; layer = <CALayer>; contentOffset: {0, 0}; contentSize: {320, 160}; adjustedContentInset: {0, 0, 0, 0}; layout: <UICollectionViewFlowLayout>; dataSource: <ViewCodeChallenge_RealEstate.CarouselView; frame = (0 0; 320 0); layer = <CALayer>>>
   |    |    |    |    | <ViewCodeChallenge_RealEstate.CarouselCollectionViewCell; baseClass = UICollectionViewCell; frame = (0 5; 320 150); layer = <CALayer>>
   |    |    |    |    |    | <UIImageView; frame = (0 0; 320 150); opaque = NO; userInteractionEnabled = NO; layer = <CALayer>>
   |    |    |    |    | <_UIScrollViewScrollIndicator; frame = (314 -39; 3 36); alpha = 0; autoresize = LM; layer = <CALayer>>
   |    |    |    |    |    | <UIView; frame = (0 0; 3 36); layer = <CALayer>>
   |    |    |    | <UIPageControl; frame = (0 130; 320 44); autoresize = W; gestureRecognizers = <NSArray>; layer = <CALayer>>
   |    |    |    |    | <_UIPageControlContentView; frame = (140 8.66667; 40 27); layer = <CALayer>>
   |    |    |    |    |    | <UIVisualEffectView; frame = (0 0; 40 27); layer = <CALayer>> effect=<UIBlurEffect> style=UIBlurEffectStyleSystemThinMaterial
   |    |    |    |    |    |    | <_UIVisualEffectBackdropView; frame = (0 0; 40 27); autoresize = W+H; userInteractionEnabled = NO; layer = <UICABackdropLayer>>
   |    |    |    |    |    | <_UIPageControlIndicatorContentView; frame = (14.3333 0; 11.6667 27); autoresize = H; layer = <CALayer>>
   |    |    |    |    |    |    | <_UIPageIndicatorView; frame = (0.166667 8; 11.6667 11); opaque = NO; userInteractionEnabled = NO; tintColor = UIExtendedSRGBColorSpace 1 1 1 1; layer = <CALayer>>
   |    |    | <ViewCodeChallenge_RealEstate.PropertyInfoView; frame = (0 0; 320 44); layer = <CALayer>>
   |    |    |    | <UIStackView; frame = (16 16; 288 12); layer = <CALayer>>
   |    |    |    |    | <UILabel; frame = (0 0; 288 0); text = 'R$ 400,00'; userInteractionEnabled = NO; layer = <_UILabelLayer>>
   |    |    |    |    | <UIStackView; frame = (0 5; 288 0); layer = <CALayer>>
   |    |    |    |    |    | <UILabel; frame = (0 0; 161.667 0); text = 'CondomÃ­nio R$ 120,33'; userInteractionEnabled = NO; layer = <_UILabelLayer>>
   |    |    |    |    |    | <UILabel; frame = (171.667 0; 97.6667 0); text = 'IPTU R$ 1200'; userInteractionEnabled = NO; layer = <_UILabelLayer>>
   |    |    |    |    |    | <UIView; frame = (279.333 0; 8.66667 0); layer = <CALayer>>
   |    |    |    |    | <UIStackView; frame = (0 10; 288 0); layer = <CALayer>>
   |    |    |    |    |    | <UILabel; frame = (0 0; 44.3333 0); text = '43 m2'; userInteractionEnabled = NO; layer = <_UILabelLayer>>
   |    |    |    |    |    | <UILabel; frame = (54.3333 0; 66 0); text = '3 quartos'; userInteractionEnabled = NO; layer = <_UILabelLayer>>
   |    |    |    |    |    | <UILabel; frame = (130.333 0; 80.6667 0); text = '3 banheiros'; userInteractionEnabled = NO; layer = <_UILabelLayer>>
   |    |    |    |    |    | <UILabel; frame = (221 0; 53.6667 0); text = '3 vagas'; userInteractionEnabled = NO; layer = <_UILabelLayer>>
   |    |    |    |    |    | <UIView; frame = (284.667 0; 3.33333 0); layer = <CALayer>>
   |    |    |    |    | <UILabel; frame = (0 12; 288 0); text = 'Rua das Flores, 234, Jard...'; userInteractionEnabled = NO; layer = <_UILabelLayer>>
   |    |    | <ViewCodeChallenge_RealEstate.DividerView; frame = (0 44; 320 0); layer = <CALayer>>
   | <_UITableViewCellSeparatorView; frame = (16 43.6667; 304 0.333333); layer = <CALayer>>