<ViewCodeChallenge_RealEstate.CarouselView: 0x7fbf09526540; frame = (0 0; 200 200); layer = <CALayer: 0x6000038fa3e0>>