<ViewCodeChallenge_RealEstate.PropertyListView; frame = (0 0; 390 844); autoresize = W+H; layer = <CALayer>>
   | <UITableView; frame = (0 0; 390 844); clipsToBounds = YES; gestureRecognizers = <NSArray>; layer = <CALayer>; contentOffset: {0, -47}; contentSize: {390, 2616}; adjustedContentInset: {47, 0, 0, 0}; dataSource: <ViewCodeChallenge_RealEstate.PropertyListView; frame = (0 0; 390 844); autoresize = W+H; layer = <CALayer>>>
   |    | <ViewCodeChallenge_RealEstate.PropertyTableViewCell; baseClass = UITableViewCell; frame = (0 646.667; 390 341.333); autoresize = W; layer = <CALayer>>
   |    |    | <UITableViewCellContentView; frame = (0 0; 390 341.333); gestureRecognizers = <NSArray>; layer = <CALayer>>
   |    |    |    | <UIStackView; frame = (0 0; 390 341.333); layer = <CALayer>>
   |    |    |    |    | <ViewCodeChallenge_RealEstate.CarouselView; frame = (0 0; 390 200); layer = <CALayer>>
   |    |    |    |    |    | <UICollectionView; frame = (0 0; 390 200); clipsToBounds = YES; gestureRecognizers = <NSArray>; layer = <CALayer>; contentOffset: {0, 0}; contentSize: {1950, 200}; adjustedContentInset: {0, 0, 0, 0}; layout: <UICollectionViewFlowLayout>; dataSource: <ViewCodeChallenge_RealEstate.CarouselView; frame = (0 0; 390 200); layer = <CALayer>>>
   |    |    |    |    |    |    | <ViewCodeChallenge_RealEstate.CarouselCollectionViewCell; baseClass = UICollectionViewCell; frame = (0 0; 390 200); layer = <CALayer>>
   |    |    |    |    |    |    |    | <UIImageView; frame = (0 0; 390 200); opaque = NO; userInteractionEnabled = NO; layer = <CALayer>>
   |    |    |    |    |    |    | <_UIScrollViewScrollIndicator; frame = (384 -39; 3 36); alpha = 0; autoresize = LM; layer = <CALayer>>
   |    |    |    |    |    |    |    | <UIView; frame = (0 0; 3 36); layer = <CALayer>>
   |    |    |    |    |    | <UIPageControl; frame = (0 156; 390 44); autoresize = W; gestureRecognizers = <NSArray>; layer = <CALayer>>
   |    |    |    |    |    |    | <_UIPageControlContentView; frame = (140.667 9; 109 26); layer = <CALayer>>
   |    |    |    |    |    |    |    | <_UIPageControlIndicatorContentView; frame = (14.3333 0; 80.3333 26); autoresize = H; layer = <CALayer>>
   |    |    |    |    |    |    |    |    | <_UIPageIndicatorView; frame = (0.166667 8.16667; 9.66667 9.66667); opaque = NO; userInteractionEnabled = NO; tintColor = UIExtendedSRGBColorSpace 1 1 1 1; layer = <CALayer>>
   |    |    |    |    |    |    |    |    | <_UIPageIndicatorView; frame = (17.5 8.16667; 9.66667 9.66667); opaque = NO; userInteractionEnabled = NO; tintColor = <UIDynamicSystemColor; name = _pageControlIndicatorColor>; layer = <CALayer>>
   |    |    |    |    |    |    |    |    | <_UIPageIndicatorView; frame = (35.5 8.16667; 9.66667 9.66667); opaque = NO; userInteractionEnabled = NO; tintColor = <UIDynamicSystemColor; name = _pageControlIndicatorColor>; layer = <CALayer>>
   |    |    |    |    |    |    |    |    | <_UIPageIndicatorView; frame = (53.1667 8.16667; 9.66667 9.66667); opaque = NO; userInteractionEnabled = NO; tintColor = <UIDynamicSystemColor; name = _pageControlIndicatorColor>; layer = <CALayer>>
   |    |    |    |    |    |    |    |    | <_UIPageIndicatorView; frame = (70.8333 8.16667; 9.66667 9.66667); opaque = NO; userInteractionEnabled = NO; tintColor = <UIDynamicSystemColor; name = _pageControlIndicatorColor>; layer = <CALayer>>
   |    |    |    |    | <ViewCodeChallenge_RealEstate.PropertyInfoView; frame = (0 200; 390 140.333); layer = <CALayer>>
   |    |    |    |    |    | <UIStackView; frame = (16 16; 270 108.333); layer = <CALayer>>
   |    |    |    |    |    |    | <UILabel; frame = (0 0; 270 24); text = 'R$ 3500'; userInteractionEnabled = NO; layer = <_UILabelLayer>>
   |    |    |    |    |    |    | <UIStackView; frame = (0 34; 270 18.3333); layer = <CALayer>>
   |    |    |    |    |    |    |    | <UILabel; frame = (0 0.333333; 171.333 18); text = 'Condomínio R$ 940'; userInteractionEnabled = NO; layer = <_UILabelLayer>>
   |    |    |    |    |    |    |    | <UILabel; frame = (181.333 0.333333; 88.6667 18); text = 'IPTU R$ 810'; userInteractionEnabled = NO; layer = <_UILabelLayer>>
   |    |    |    |    |    |    | <UIStackView; frame = (0 62.3333; 270 18); layer = <CALayer>>
   |    |    |    |    |    |    |    | <UILabel; frame = (0 0; 42.6667 18); text = '77 m2'; userInteractionEnabled = NO; layer = <_UILabelLayer>>
   |    |    |    |    |    |    |    | <UILabel; frame = (52.6667 0; 65.6667 18); text = '3 quartos'; userInteractionEnabled = NO; layer = <_UILabelLayer>>
   |    |    |    |    |    |    |    | <UILabel; frame = (128.333 0; 80.6667 18); text = '3 banheiros'; userInteractionEnabled = NO; layer = <_UILabelLayer>>
   |    |    |    |    |    |    |    | <UILabel; frame = (219 0; 51 18); text = '1 vagas'; userInteractionEnabled = NO; layer = <_UILabelLayer>>
   |    |    |    |    |    |    | <UILabel; frame = (0 90.3333; 270 18); text = 'São Paulo'; userInteractionEnabled = NO; layer = <_UILabelLayer>>
   |    |    |    |    | <ViewCodeChallenge_RealEstate.DividerView; frame = (0 340.333; 390 1); layer = <CALayer>>
   |    |    | <_UITableViewCellSeparatorView; frame = (20 341; 370 0.333333); layer = <CALayer>>
   |    | <ViewCodeChallenge_RealEstate.PropertyTableViewCell; baseClass = UITableViewCell; frame = (0 323.333; 390 323.333); autoresize = W; layer = <CALayer>>
   |    |    | <UITableViewCellContentView; frame = (0 0; 390 323.333); gestureRecognizers = <NSArray>; layer = <CALayer>>
   |    |    |    | <UIStackView; frame = (0 0; 390 323.333); layer = <CALayer>>
   |    |    |    |    | <ViewCodeChallenge_RealEstate.CarouselView; frame = (0 0; 390 200); layer = <CALayer>>
   |    |    |    |    |    | <UICollectionView; frame = (0 0; 390 200); clipsToBounds = YES; gestureRecognizers = <NSArray>; layer = <CALayer>; contentOffset: {0, 0}; contentSize: {1950, 200}; adjustedContentInset: {0, 0, 0, 0}; layout: <UICollectionViewFlowLayout>; dataSource: <ViewCodeChallenge_RealEstate.CarouselView; frame = (0 0; 390 200); layer = <CALayer>>>
   |    |    |    |    |    |    | <ViewCodeChallenge_RealEstate.CarouselCollectionViewCell; baseClass = UICollectionViewCell; frame = (0 0; 390 200); layer = <CALayer>>
   |    |    |    |    |    |    |    | <UIImageView; frame = (0 0; 390 200); opaque = NO; userInteractionEnabled = NO; layer = <CALayer>>
   |    |    |    |    |    |    | <_UIScrollViewScrollIndicator; frame = (384 -39; 3 36); alpha = 0; autoresize = LM; layer = <CALayer>>
   |    |    |    |    |    |    |    | <UIView; frame = (0 0; 3 36); layer = <CALayer>>
   |    |    |    |    |    | <UIPageControl; frame = (0 156; 390 44); autoresize = W; gestureRecognizers = <NSArray>; layer = <CALayer>>
   |    |    |    |    |    |    | <_UIPageControlContentView; frame = (140.667 9; 109 26); layer = <CALayer>>
   |    |    |    |    |    |    |    | <_UIPageControlIndicatorContentView; frame = (14.3333 0; 80.3333 26); autoresize = H; layer = <CALayer>>
   |    |    |    |    |    |    |    |    | <_UIPageIndicatorView; frame = (0.166667 8.16667; 9.66667 9.66667); opaque = NO; userInteractionEnabled = NO; tintColor = UIExtendedSRGBColorSpace 1 1 1 1; layer = <CALayer>>
   |    |    |    |    |    |    |    |    | <_UIPageIndicatorView; frame = (17.5 8.16667; 9.66667 9.66667); opaque = NO; userInteractionEnabled = NO; tintColor = <UIDynamicSystemColor; name = _pageControlIndicatorColor>; layer = <CALayer>>
   |    |    |    |    |    |    |    |    | <_UIPageIndicatorView; frame = (35.5 8.16667; 9.66667 9.66667); opaque = NO; userInteractionEnabled = NO; tintColor = <UIDynamicSystemColor; name = _pageControlIndicatorColor>; layer = <CALayer>>
   |    |    |    |    |    |    |    |    | <_UIPageIndicatorView; frame = (53.1667 8.16667; 9.66667 9.66667); opaque = NO; userInteractionEnabled = NO; tintColor = <UIDynamicSystemColor; name = _pageControlIndicatorColor>; layer = <CALayer>>
   |    |    |    |    |    |    |    |    | <_UIPageIndicatorView; frame = (70.8333 8.16667; 9.66667 9.66667); opaque = NO; userInteractionEnabled = NO; tintColor = <UIDynamicSystemColor; name = _pageControlIndicatorColor>; layer = <CALayer>>
   |    |    |    |    | <ViewCodeChallenge_RealEstate.PropertyInfoView; frame = (0 200; 390 122.333); layer = <CALayer>>
   |    |    |    |    |    | <UIStackView; frame = (16 16; 271.333 90.3333); layer = <CALayer>>
   |    |    |    |    |    |    | <UILabel; frame = (0 0; 271.333 24); text = 'R$ 405000'; userInteractionEnabled = NO; layer = <_UILabelLayer>>
   |    |    |    |    |    |    | <UIStackView; frame = (0 34; 271.333 18.3333); layer = <CALayer>>
   |    |    |    |    |    |    |    | <UILabel; frame = (0 0.333333; 190 18); text = 'Condomínio R$ 495'; userInteractionEnabled = NO; layer = <_UILabelLayer>>
   |    |    |    |    |    |    |    | <UILabel; frame = (200 0.333333; 71.3333 18); text = 'IPTU R$ 0'; userInteractionEnabled = NO; layer = <_UILabelLayer>>
   |    |    |    |    |    |    | <UIStackView; frame = (0 62.3333; 271.333 18); layer = <CALayer>>
   |    |    |    |    |    |    |    | <UILabel; frame = (0 0; 44.3333 18); text = '69 m2'; userInteractionEnabled = NO; layer = <_UILabelLayer>>
   |    |    |    |    |    |    |    | <UILabel; frame = (54.3333 0; 65.6667 18); text = '3 quartos'; userInteractionEnabled = NO; layer = <_UILabelLayer>>
   |    |    |    |    |    |    |    | <UILabel; frame = (130 0; 80.3333 18); text = '2 banheiros'; userInteractionEnabled = NO; layer = <_UILabelLayer>>
   |    |    |    |    |    |    |    | <UILabel; frame = (220.333 0; 51 18); text = '1 vagas'; userInteractionEnabled = NO; layer = <_UILabelLayer>>
   |    |    |    |    |    |    | <UILabel; frame = (0 90.3333; 271.333 0); text = ''; userInteractionEnabled = NO; layer = <_UILabelLayer>>
   |    |    |    |    | <ViewCodeChallenge_RealEstate.DividerView; frame = (0 322.333; 390 1); layer = <CALayer>>
   |    |    | <_UITableViewCellSeparatorView; frame = (20 323; 370 0.333333); layer = <CALayer>>
   |    | <ViewCodeChallenge_RealEstate.PropertyTableViewCell; baseClass = UITableViewCell; frame = (0 0; 390 323.333); autoresize = W; layer = <CALayer>>
   |    |    | <UITableViewCellContentView; frame = (0 0; 390 323.333); gestureRecognizers = <NSArray>; layer = <CALayer>>
   |    |    |    | <UIStackView; frame = (0 0; 390 323.333); layer = <CALayer>>
   |    |    |    |    | <ViewCodeChallenge_RealEstate.CarouselView; frame = (0 0; 390 200); layer = <CALayer>>
   |    |    |    |    |    | <UICollectionView; frame = (0 0; 390 200); clipsToBounds = YES; gestureRecognizers = <NSArray>; layer = <CALayer>; contentOffset: {0, 0}; contentSize: {1950, 200}; adjustedContentInset: {0, 0, 0, 0}; layout: <UICollectionViewFlowLayout>; dataSource: <ViewCodeChallenge_RealEstate.CarouselView; frame = (0 0; 390 200); layer = <CALayer>>>
   |    |    |    |    |    |    | <ViewCodeChallenge_RealEstate.CarouselCollectionViewCell; baseClass = UICollectionViewCell; frame = (0 0; 390 200); layer = <CALayer>>
   |    |    |    |    |    |    |    | <UIImageView; frame = (0 0; 390 200); opaque = NO; userInteractionEnabled = NO; layer = <CALayer>>
   |    |    |    |    |    |    | <_UIScrollViewScrollIndicator; frame = (384 -39; 3 36); alpha = 0; autoresize = LM; layer = <CALayer>>
   |    |    |    |    |    |    |    | <UIView; frame = (0 0; 3 36); layer = <CALayer>>
   |    |    |    |    |    | <UIPageControl; frame = (0 156; 390 44); autoresize = W; gestureRecognizers = <NSArray>; layer = <CALayer>>
   |    |    |    |    |    |    | <_UIPageControlContentView; frame = (140.667 9; 109 26); layer = <CALayer>>
   |    |    |    |    |    |    |    | <_UIPageControlIndicatorContentView; frame = (14.3333 0; 80.3333 26); autoresize = H; layer = <CALayer>>
   |    |    |    |    |    |    |    |    | <_UIPageIndicatorView; frame = (0.166667 8.16667; 9.66667 9.66667); opaque = NO; userInteractionEnabled = NO; tintColor = UIExtendedSRGBColorSpace 1 1 1 1; layer = <CALayer>>
   |    |    |    |    |    |    |    |    | <_UIPageIndicatorView; frame = (17.5 8.16667; 9.66667 9.66667); opaque = NO; userInteractionEnabled = NO; tintColor = <UIDynamicSystemColor; name = _pageControlIndicatorColor>; layer = <CALayer>>
   |    |    |    |    |    |    |    |    | <_UIPageIndicatorView; frame = (35.5 8.16667; 9.66667 9.66667); opaque = NO; userInteractionEnabled = NO; tintColor = <UIDynamicSystemColor; name = _pageControlIndicatorColor>; layer = <CALayer>>
   |    |    |    |    |    |    |    |    | <_UIPageIndicatorView; frame = (53.1667 8.16667; 9.66667 9.66667); opaque = NO; userInteractionEnabled = NO; tintColor = <UIDynamicSystemColor; name = _pageControlIndicatorColor>; layer = <CALayer>>
   |    |    |    |    |    |    |    |    | <_UIPageIndicatorView; frame = (70.8333 8.16667; 9.66667 9.66667); opaque = NO; userInteractionEnabled = NO; tintColor = <UIDynamicSystemColor; name = _pageControlIndicatorColor>; layer = <CALayer>>
   |    |    |    |    | <ViewCodeChallenge_RealEstate.PropertyInfoView; frame = (0 200; 390 122.333); layer = <CALayer>>
   |    |    |    |    |    | <UIStackView; frame = (16 16; 267.667 90.3333); layer = <CALayer>>
   |    |    |    |    |    |    | <UILabel; frame = (0 0; 267.667 24); text = 'R$ 276000'; userInteractionEnabled = NO; layer = <_UILabelLayer>>
   |    |    |    |    |    |    | <UIStackView; frame = (0 34; 267.667 18.3333); layer = <CALayer>>
   |    |    |    |    |    |    |    | <UILabel; frame = (0 0.333333; 176.333 18); text = 'Condomínio R$ 0'; userInteractionEnabled = NO; layer = <_UILabelLayer>>
   |    |    |    |    |    |    |    | <UILabel; frame = (186.333 0.333333; 81.3333 18); text = 'IPTU R$ 60'; userInteractionEnabled = NO; layer = <_UILabelLayer>>
   |    |    |    |    |    |    | <UIStackView; frame = (0 62.3333; 267.667 18); layer = <CALayer>>
   |    |    |    |    |    |    |    | <UILabel; frame = (0 0; 43 18); text = '70 m2'; userInteractionEnabled = NO; layer = <_UILabelLayer>>
   |    |    |    |    |    |    |    | <UILabel; frame = (53 0; 65.3333 18); text = '2 quartos'; userInteractionEnabled = NO; layer = <_UILabelLayer>>
   |    |    |    |    |    |    |    | <UILabel; frame = (128.333 0; 78.3333 18); text = '1 banheiros'; userInteractionEnabled = NO; layer = <_UILabelLayer>>
   |    |    |    |    |    |    |    | <UILabel; frame = (216.667 0; 51 18); text = '1 vagas'; userInteractionEnabled = NO; layer = <_UILabelLayer>>
   |    |    |    |    |    |    | <UILabel; frame = (0 90.3333; 267.667 0); text = ''; userInteractionEnabled = NO; layer = <_UILabelLayer>>
   |    |    |    |    | <ViewCodeChallenge_RealEstate.DividerView; frame = (0 322.333; 390 1); layer = <CALayer>>
   |    |    | <_UITableViewCellSeparatorView; frame = (20 323; 370 0.333333); layer = <CALayer>>
   |    | <_UIScrollViewScrollIndicator; frame = (3 791; 381 3); alpha = 0; autoresize = TM; layer = <CALayer>>
   |    |    | <UIView; frame = (0 0; 381 3); layer = <CALayer>>
   |    | <_UIScrollViewScrollIndicator; frame = (384 3; 3 369.333); alpha = 0; autoresize = LM; layer = <CALayer>>
   |    |    | <UIView; frame = (0 0; 3 369.333); layer = <CALayer>>