<ViewCodeChallenge_RealEstate.PropertyDescriptionView; frame = (0 0; 0 0); layer = <CALayer>>
   | <UIStackView; frame = (8 28; 0 54); layer = <CALayer>>
   |    | <UILabel; frame = (0 0; 0 30); text = 'DescriÃ§Ã£o'; userInteractionEnabled = NO; layer = <_UILabelLayer>>
   |    |    | <_UILabelContentLayer> (layer)
   |    | <UILabel; frame = (0 42; 0 0); text = 'Mussum Ipsum, cacilds vid...'; userInteractionEnabled = NO; layer = <_UILabelLayer>>
   |    | <UIButton; frame = (0 54; 0 0); opaque = NO; layer = <CALayer>>
   |    |    | <UIButtonLabel; frame = (0 -11; 0 22); text = 'Ver mais'; opaque = NO; userInteractionEnabled = NO; layer = <_UILabelLayer>>