<ViewCodeChallenge_RealEstate.ButtonView; frame = (0 0; 0 0); layer = <CALayer>>
   | <UIButton; frame = (10 10; 0 50); opaque = NO; layer = <CALayer>>
   |    | <UIButtonLabel; frame = (0 13; 0 24); text = 'Click'; opaque = NO; userInteractionEnabled = NO; layer = <_UILabelLayer>>